(-1, -1)     Module               	prefix=||	suffix=||	indent=||
(1, 0)       Expr                 	prefix=||	suffix=|\n|	indent=||
(3, 0)       Expr                 	prefix=|\n|	suffix=|\n|	indent=||
(5, 0)       Expr                 	prefix=|\n|	suffix=|\n|	indent=||
(7, 0)       Expr                 	prefix=|\n|	suffix=|\n|	indent=||
(1, 0)       Constant             	prefix=||	suffix=||	indent=||
(3, 0)       Constant             	prefix=||	suffix=||	indent=||
(5, 0)       Constant             	prefix=||	suffix=||	indent=||
(7, 0)       Constant             	prefix=||	suffix=||	indent=||
