(-1, -1)     Module               	prefix=||	suffix=||	indent=||
(1, 0)       Expr                 	prefix=||	suffix=|\n|	indent=||
(3, 0)       Expr                 	prefix=|\n|	suffix=|\n|	indent=||
(5, 0)       Expr                 	prefix=|\n|	suffix=|\n|	indent=||
(7, 0)       Expr                 	prefix=|\n|	suffix=|\n|	indent=||
(9, 0)       Expr                 	prefix=|\n|	suffix=|\n|	indent=||
(11, 0)      Expr                 	prefix=|\n|	suffix=|\n|	indent=||
(13, 0)      Expr                 	prefix=|\n|	suffix=|\n|	indent=||
(15, 0)      Expr                 	prefix=|\n|	suffix=|\n|	indent=||
(17, 0)      Expr                 	prefix=|\n|	suffix=|\n|	indent=||
(21, 0)      Expr                 	prefix=|\n|	suffix=|\n|	indent=||
(23, 0)      Expr                 	prefix=|\n|	suffix=|\n|	indent=||
(25, 0)      Expr                 	prefix=|\n|	suffix=|\n|	indent=||
(27, 0)      Expr                 	prefix=|\n|	suffix=|\n|	indent=||
(29, 0)      Expr                 	prefix=|\n|	suffix=|\n|	indent=||
(31, 0)      Expr                 	prefix=|\n|	suffix=|\n|	indent=||
(33, 0)      Expr                 	prefix=|\n|	suffix=|\n|	indent=||
(36, 0)      Expr                 	prefix=|\n|	suffix=|\n|	indent=||
(38, 0)      Expr                 	prefix=|\n|	suffix=|\n|	indent=||
(42, 0)      Expr                 	prefix=|\n|	suffix=|\n|	indent=||
(45, 0)      Expr                 	prefix=|\n|	suffix=|\n|	indent=||
(1, 0)       JoinedStr            	prefix=||	suffix=||	indent=||
(3, 0)       JoinedStr            	prefix=||	suffix=||	indent=||
(5, 0)       JoinedStr            	prefix=||	suffix=||	indent=||
(7, 0)       JoinedStr            	prefix=||	suffix=||	indent=||
(9, 0)       JoinedStr            	prefix=||	suffix=||	indent=||
(11, 0)      JoinedStr            	prefix=||	suffix=||	indent=||
(13, 0)      JoinedStr            	prefix=||	suffix=||	indent=||
(15, 0)      JoinedStr            	prefix=||	suffix=||	indent=||
(17, 0)      JoinedStr            	prefix=||	suffix=||	indent=||
(21, 0)      JoinedStr            	prefix=||	suffix=||	indent=||
(23, 0)      JoinedStr            	prefix=||	suffix=||	indent=||
(25, 0)      JoinedStr            	prefix=||	suffix=||	indent=||
(27, 0)      JoinedStr            	prefix=||	suffix=||	indent=||
(29, 0)      JoinedStr            	prefix=||	suffix=||	indent=||
(31, 0)      JoinedStr            	prefix=||	suffix=||	indent=||
(33, 0)      JoinedStr            	prefix=||	suffix=||	indent=||
(36, 0)      JoinedStr            	prefix=||	suffix=||	indent=||
(38, 0)      Call                 	prefix=||	suffix=||	indent=||
(42, 1)      JoinedStr            	prefix=|(|	suffix=|)|	indent=||
(45, 1)      JoinedStr            	prefix=|(|	suffix=|)|	indent=||
(1, 0)       Constant             	prefix=||	suffix=||	indent=||
(3, 0)       FormattedValue       	prefix=||	suffix=||	indent=||
(5, 0)       Constant             	prefix=||	suffix=||	indent=||
(5, 0)       FormattedValue       	prefix=||	suffix=||	indent=||
(5, 0)       Constant             	prefix=||	suffix=||	indent=||
(7, 0)       Constant             	prefix=||	suffix=||	indent=||
(7, 0)       FormattedValue       	prefix=||	suffix=||	indent=||
(9, 0)       FormattedValue       	prefix=||	suffix=||	indent=||
(9, 0)       Constant             	prefix=||	suffix=||	indent=||
(11, 0)      Constant             	prefix=||	suffix=||	indent=||
(11, 0)      FormattedValue       	prefix=||	suffix=||	indent=||
(13, 0)      Constant             	prefix=||	suffix=||	indent=||
(13, 0)      FormattedValue       	prefix=|  |	suffix=||	indent=||
(15, 0)      Constant             	prefix=||	suffix=||	indent=||
(15, 0)      FormattedValue       	prefix=||	suffix=||	indent=||
(15, 0)      Constant             	prefix=||	suffix=||	indent=||
(17, 0)      FormattedValue       	prefix=|\n  |	suffix=|\n|	indent=||
(21, 0)      FormattedValue       	prefix=||	suffix=||	indent=||
(23, 0)      FormattedValue       	prefix=||	suffix=||	indent=||
(25, 0)      FormattedValue       	prefix=||	suffix=||	indent=||
(27, 0)      FormattedValue       	prefix=||	suffix=||	indent=||
(29, 0)      FormattedValue       	prefix=||	suffix=||	indent=||
(31, 0)      FormattedValue       	prefix=||	suffix=||	indent=||
(33, 0)      FormattedValue       	prefix=|\n  |	suffix=||	indent=||
(36, 0)      FormattedValue       	prefix=||	suffix=||	indent=||
(38, 0)      Name foo             	prefix=||	suffix=||	indent=||
(38, 4)      JoinedStr            	prefix=||	suffix=||	indent=||
(42, 1)      Constant             	prefix=||	suffix=||	indent=||
(42, 1)      FormattedValue       	prefix=||	suffix=||	indent=||
(42, 1)      Constant             	prefix=||	suffix=||	indent=||
(45, 1)      Constant             	prefix=||	suffix=||	indent=||
(45, 1)      FormattedValue       	prefix=||	suffix=||	indent=||
(3, 3)       Name b               	prefix=||	suffix=||	indent=||
(5, 5)       Name d               	prefix=||	suffix=||	indent=||
(7, 5)       Name g               	prefix=||	suffix=||	indent=||
(9, 3)       Name h               	prefix=||	suffix=||	indent=||
(11, 1)      Name k               	prefix=||	suffix=||	indent=||
(13, 6)      BinOp                	prefix=||	suffix=||	indent=||
(15, 5)      Constant             	prefix=||	suffix=||	indent=||
(18, 2)      BinOp                	prefix=||	suffix=||	indent=||
(21, 1)      Name a               	prefix=||	suffix=||	indent=||
(23, 1)      Name b               	prefix=||	suffix=||	indent=||
(25, 1)      Name c               	prefix=||	suffix=||	indent=||
(25, 0)      JoinedStr            	prefix=||	suffix=||	indent=||
(27, 1)      Name c               	prefix=||	suffix=|  |	indent=||
(27, 0)      JoinedStr            	prefix=||	suffix=| |	indent=||
(29, 1)      Name f               	prefix=||	suffix=||	indent=||
(29, 0)      JoinedStr            	prefix=||	suffix=||	indent=||
(31, 1)      Name h               	prefix=||	suffix=| |	indent=||
(31, 0)      JoinedStr            	prefix=||	suffix=||	indent=||
(34, 2)      Name l               	prefix=||	suffix=||	indent=||
(33, 0)      JoinedStr            	prefix=||	suffix=| |	indent=||
(36, 3)      Attribute c          	prefix=||	suffix=||	indent=||
(-1, -1)     Load                 	prefix=||	suffix=||	indent=||
(38, 4)      FormattedValue       	prefix=||	suffix=||	indent=||
(38, 4)      Constant             	prefix=||	suffix=||	indent=||
(42, 6)      Name e               	prefix=||	suffix=||	indent=||
(45, 2)      Name h               	prefix=||	suffix=||	indent=||
(-1, -1)     Load                 	prefix=||	suffix=||	indent=||
(-1, -1)     Load                 	prefix=||	suffix=||	indent=||
(-1, -1)     Load                 	prefix=||	suffix=||	indent=||
(-1, -1)     Load                 	prefix=||	suffix=||	indent=||
(-1, -1)     Load                 	prefix=||	suffix=||	indent=||
(13, 6)      Constant             	prefix=||	suffix=| |	indent=||
(-1, -1)     Add                  	prefix=||	suffix=||	indent=||
(13, 10)     Constant             	prefix=||	suffix=| |	indent=||
(18, 2)      Constant             	prefix=||	suffix=| |	indent=||
(-1, -1)     Add                  	prefix=||	suffix=||	indent=||
(18, 6)      Constant             	prefix=||	suffix=||	indent=||
(-1, -1)     Load                 	prefix=||	suffix=||	indent=||
(-1, -1)     Load                 	prefix=||	suffix=||	indent=||
(-1, -1)     Load                 	prefix=||	suffix=||	indent=||
(25, 0)      Constant             	prefix=||	suffix=||	indent=||
(-1, -1)     Load                 	prefix=||	suffix=||	indent=||
(27, 0)      Constant             	prefix=||	suffix=||	indent=||
(-1, -1)     Load                 	prefix=||	suffix=||	indent=||
(29, 0)      FormattedValue       	prefix=||	suffix=||	indent=||
(-1, -1)     Load                 	prefix=||	suffix=||	indent=||
(31, 0)      Constant             	prefix=||	suffix=||	indent=||
(31, 0)      FormattedValue       	prefix=||	suffix=||	indent=||
(31, 0)      Constant             	prefix=||	suffix=||	indent=||
(31, 0)      FormattedValue       	prefix=||	suffix=||	indent=||
(-1, -1)     Load                 	prefix=||	suffix=||	indent=||
(33, 0)      Constant             	prefix=||	suffix=||	indent=||
(33, 0)      FormattedValue       	prefix=||	suffix=||	indent=||
(33, 0)      Constant             	prefix=||	suffix=||	indent=||
(36, 4)      Attribute b          	prefix=|(|	suffix=|)|	indent=||
(-1, -1)     Load                 	prefix=||	suffix=||	indent=||
(38, 7)      Name d               	prefix=||	suffix=||	indent=||
(-1, -1)     Load                 	prefix=||	suffix=||	indent=||
(-1, -1)     Load                 	prefix=||	suffix=||	indent=||
(29, 6)      Name g               	prefix=||	suffix=||	indent=||
(31, 12)     Name i               	prefix=||	suffix=||	indent=||
(31, 17)     Name j               	prefix=||	suffix=||	indent=||
(34, 10)     Name m               	prefix=||	suffix=||	indent=||
(36, 4)      Name a               	prefix=||	suffix=||	indent=||
(-1, -1)     Load                 	prefix=||	suffix=||	indent=||
(-1, -1)     Load                 	prefix=||	suffix=||	indent=||
(-1, -1)     Load                 	prefix=||	suffix=||	indent=||
(-1, -1)     Load                 	prefix=||	suffix=||	indent=||
(-1, -1)     Load                 	prefix=||	suffix=||	indent=||
(-1, -1)     Load                 	prefix=||	suffix=||	indent=||
(-1, -1)     Load                 	prefix=||	suffix=||	indent=||
